// Jest Snapshot v1, https://goo.gl/fbAQLP

exports[`ProductTitle debe de mostrar el componente con el nombre del producto 1`] = `
<div
  className="productCard undefined"
>
  <span
    className="productDescription undefined"
  />
</div>
`;

exports[`ProductTitle debe de mostrar el componente correctamente con el titulo personsalizado 1`] = `
<span
  className="productDescription tu-custom"
>
  Coffe Mug Especial Edition
</span>
`;
